// Jest Snapshot v1, https://goo.gl/fbAQLP

exports[`catalog tests catalog loader renders correctly 1`] = `
<RCTScrollView
  style={
    Object {
      "backgroundColor": "#fff",
      "height": "100%",
      "width": "100%",
    }
  }
>
  <View>
    <View
      style={
        Object {
          "backgroundColor": "#fff",
          "padding": 15,
          "paddingBottom": 9,
          "width": "100%",
        }
      }
    >
      <View
        style={
          Array [
            Object {
              "alignItems": "center",
              "flex": 1,
              "flexDirection": "row",
              "justifyContent": "center",
              "marginBottom": 24,
              "width": "100%",
            },
            Object {
              "flexDirection": "row",
              "justifyContent": "space-around",
              "paddingLeft": 0,
              "paddingRight": 0,
            },
          ]
        }
      >
        <Text
          style={
            Array [
              Object {
                "alignItems": "center",
                "color": "#222624",
                "flexWrap": "wrap",
                "fontFamily": "Helvetica Neue",
                "fontWeight": "bold",
                "justifyContent": "center",
                "position": "relative",
                "width": "100%",
              },
              Object {
                "fontSize": 35,
                "lineHeight": 39.97,
              },
              Object {
                "flex": 1,
              },
            ]
          }
        >
          Catalog
        </Text>
        <View
          accessible={true}
          clickable={false}
          isTVSelectable={true}
          onClick={[Function]}
          onResponderGrant={[Function]}
          onResponderMove={[Function]}
          onResponderRelease={[Function]}
          onResponderTerminate={[Function]}
          onResponderTerminationRequest={[Function]}
          onStartShouldSetResponder={[Function]}
          style={
            Object {
              "opacity": 1,
            }
          }
        >
          <Text
            allowFontScaling={false}
            style={
              Array [
                Object {
                  "color": "#399AE5",
                  "fontSize": 30,
                },
                undefined,
                Object {
                  "fontFamily": "Ionicons",
                  "fontStyle": "normal",
                  "fontWeight": "normal",
                },
                Object {},
              ]
            }
          >
            
          </Text>
        </View>
      </View>
    </View>
    <View
      style={
        Object {
          "alignItems": "center",
          "height": 72,
          "justifyContent": "center",
          "padding": 24,
          "width": "100%",
        }
      }
    >
      <View
        style={
          Object {
            "backgroundColor": "#F2F7F4",
            "height": 24,
            "width": "100%",
          }
        }
      />
    </View>
    <View
      style={
        Object {
          "alignItems": "center",
          "height": 72,
          "justifyContent": "center",
          "padding": 24,
          "width": "100%",
        }
      }
    >
      <View
        style={
          Object {
            "backgroundColor": "#F2F7F4",
            "height": 24,
            "width": "100%",
          }
        }
      />
    </View>
    <View
      style={
        Object {
          "alignItems": "center",
          "height": 72,
          "justifyContent": "center",
          "padding": 24,
          "width": "100%",
        }
      }
    >
      <View
        style={
          Object {
            "backgroundColor": "#F2F7F4",
            "height": 24,
            "width": "100%",
          }
        }
      />
    </View>
    <View
      style={
        Object {
          "alignItems": "center",
          "height": 72,
          "justifyContent": "center",
          "padding": 24,
          "width": "100%",
        }
      }
    >
      <View
        style={
          Object {
            "backgroundColor": "#F2F7F4",
            "height": 24,
            "width": "100%",
          }
        }
      />
    </View>
    <View
      style={
        Object {
          "alignItems": "center",
          "height": 72,
          "justifyContent": "center",
          "padding": 24,
          "width": "100%",
        }
      }
    >
      <View
        style={
          Object {
            "backgroundColor": "#F2F7F4",
            "height": 24,
            "width": "100%",
          }
        }
      />
    </View>
    <View
      style={
        Object {
          "alignItems": "center",
          "height": 72,
          "justifyContent": "center",
          "padding": 24,
          "width": "100%",
        }
      }
    >
      <View
        style={
          Object {
            "backgroundColor": "#F2F7F4",
            "height": 24,
            "width": "100%",
          }
        }
      />
    </View>
    <View
      style={
        Object {
          "alignItems": "center",
          "height": 72,
          "justifyContent": "center",
          "padding": 24,
          "width": "100%",
        }
      }
    >
      <View
        style={
          Object {
            "backgroundColor": "#F2F7F4",
            "height": 24,
            "width": "100%",
          }
        }
      />
    </View>
  </View>
</RCTScrollView>
`;

exports[`catalog tests catalog screen renders correctly 1`] = `
<RCTScrollView
  style={
    Object {
      "backgroundColor": "#fff",
      "height": "100%",
      "width": "100%",
    }
  }
>
  <View>
    <View
      style={
        Object {
          "backgroundColor": "#fff",
          "padding": 15,
          "paddingBottom": 9,
          "width": "100%",
        }
      }
    >
      <View
        style={
          Array [
            Object {
              "alignItems": "center",
              "flex": 1,
              "flexDirection": "row",
              "justifyContent": "center",
              "marginBottom": 24,
              "width": "100%",
            },
            Object {
              "flexDirection": "row",
              "justifyContent": "space-around",
              "paddingLeft": 0,
              "paddingRight": 0,
            },
          ]
        }
      >
        <Text
          style={
            Array [
              Object {
                "alignItems": "center",
                "color": "#222624",
                "flexWrap": "wrap",
                "fontFamily": "Helvetica Neue",
                "fontWeight": "bold",
                "justifyContent": "center",
                "position": "relative",
                "width": "100%",
              },
              Object {
                "fontSize": 35,
                "lineHeight": 39.97,
              },
              Object {
                "flex": 1,
              },
            ]
          }
        >
          Catalog
        </Text>
        <View
          accessible={true}
          clickable={false}
          isTVSelectable={true}
          onClick={[Function]}
          onResponderGrant={[Function]}
          onResponderMove={[Function]}
          onResponderRelease={[Function]}
          onResponderTerminate={[Function]}
          onResponderTerminationRequest={[Function]}
          onStartShouldSetResponder={[Function]}
          style={
            Object {
              "opacity": 1,
            }
          }
        >
          <Text
            allowFontScaling={false}
            style={
              Array [
                Object {
                  "color": "#399AE5",
                  "fontSize": 30,
                },
                undefined,
                Object {
                  "fontFamily": "Ionicons",
                  "fontStyle": "normal",
                  "fontWeight": "normal",
                },
                Object {},
              ]
            }
          >
            
          </Text>
        </View>
      </View>
    </View>
    <View
      style={
        Object {
          "alignItems": "center",
          "height": 72,
          "justifyContent": "center",
          "padding": 24,
          "width": "100%",
        }
      }
    >
      <View
        style={
          Object {
            "backgroundColor": "#F2F7F4",
            "height": 24,
            "width": "100%",
          }
        }
      />
    </View>
    <View
      style={
        Object {
          "alignItems": "center",
          "height": 72,
          "justifyContent": "center",
          "padding": 24,
          "width": "100%",
        }
      }
    >
      <View
        style={
          Object {
            "backgroundColor": "#F2F7F4",
            "height": 24,
            "width": "100%",
          }
        }
      />
    </View>
    <View
      style={
        Object {
          "alignItems": "center",
          "height": 72,
          "justifyContent": "center",
          "padding": 24,
          "width": "100%",
        }
      }
    >
      <View
        style={
          Object {
            "backgroundColor": "#F2F7F4",
            "height": 24,
            "width": "100%",
          }
        }
      />
    </View>
    <View
      style={
        Object {
          "alignItems": "center",
          "height": 72,
          "justifyContent": "center",
          "padding": 24,
          "width": "100%",
        }
      }
    >
      <View
        style={
          Object {
            "backgroundColor": "#F2F7F4",
            "height": 24,
            "width": "100%",
          }
        }
      />
    </View>
    <View
      style={
        Object {
          "alignItems": "center",
          "height": 72,
          "justifyContent": "center",
          "padding": 24,
          "width": "100%",
        }
      }
    >
      <View
        style={
          Object {
            "backgroundColor": "#F2F7F4",
            "height": 24,
            "width": "100%",
          }
        }
      />
    </View>
    <View
      style={
        Object {
          "alignItems": "center",
          "height": 72,
          "justifyContent": "center",
          "padding": 24,
          "width": "100%",
        }
      }
    >
      <View
        style={
          Object {
            "backgroundColor": "#F2F7F4",
            "height": 24,
            "width": "100%",
          }
        }
      />
    </View>
    <View
      style={
        Object {
          "alignItems": "center",
          "height": 72,
          "justifyContent": "center",
          "padding": 24,
          "width": "100%",
        }
      }
    >
      <View
        style={
          Object {
            "backgroundColor": "#F2F7F4",
            "height": 24,
            "width": "100%",
          }
        }
      />
    </View>
  </View>
</RCTScrollView>
`;
