// Jest Snapshot v1, https://goo.gl/fbAQLP

exports[`multiline input render 1`] = `
<View
  style={
    Array [
      Object {
        "backgroundColor": "#fff",
        "borderBottomColor": "rgba(34, 38, 36, 0.15)",
        "borderBottomWidth": 1,
        "flexWrap": "wrap",
        "paddingHorizontal": 15,
        "paddingVertical": 14,
        "width": "100%",
      },
      Object {},
    ]
  }
>
  <View
    style={
      Object {
        "alignItems": "center",
        "flexDirection": "row",
        "justifyContent": "space-between",
        "width": "100%",
      }
    }
  >
    <Text
      style={
        Array [
          Object {
            "flexWrap": "wrap",
            "fontFamily": "Helvetica",
            "fontWeight": "400",
          },
          Object {
            "color": "#222624",
            "fontSize": 16,
            "lineHeight": 24,
          },
          Object {},
        ]
      }
    >
      
    </Text>
    <Text
      allowFontScaling={false}
      style={
        Array [
          Object {
            "color": "#399AE5",
            "fontSize": 24,
          },
          undefined,
          Object {
            "fontFamily": "Ionicons",
            "fontStyle": "normal",
            "fontWeight": "normal",
          },
          Object {},
        ]
      }
    >
      ï†Ÿ
    </Text>
  </View>
  <View
    style={
      Object {
        "flexWrap": "wrap",
        "paddingRight": 32,
        "width": "100%",
      }
    }
  >
    <TextInput
      allowFontScaling={true}
      autoFocus={false}
      multiline={true}
      onChangeText={null}
      onKeyPress={[Function]}
      placeholder=""
      rejectResponderTermination={true}
      returnKeyType="done"
      style={
        Object {
          "color": "#222624",
          "fontSize": 14,
          "width": "100%",
        }
      }
      textAlignVertical="top"
      underlineColorAndroid="transparent"
      value=""
    />
  </View>
</View>
`;
