// Jest Snapshot v1, https://goo.gl/fbAQLP

exports[`button renders correctly 1`] = `
<View
  accessible={true}
  clickable={true}
  isTVSelectable={true}
  onClick={[Function]}
  onResponderGrant={[Function]}
  onResponderMove={[Function]}
  onResponderRelease={[Function]}
  onResponderTerminate={[Function]}
  onResponderTerminationRequest={[Function]}
  onStartShouldSetResponder={[Function]}
  style={
    Object {
      "alignItems": "center",
      "backgroundColor": "transparent",
      "borderColor": "#399AE5",
      "borderRadius": 8,
      "borderWidth": 1,
      "justifyContent": "center",
      "minHeight": 36,
      "minWidth": "100%",
      "opacity": 1,
    }
  }
>
  <Text
    style={
      Array [
        Object {
          "color": "#399AE5",
          "fontFamily": "Helvetica Neue",
          "fontWeight": "500",
          "textAlign": "center",
        },
        Object {
          "color": "#399AE5",
          "fontSize": 16,
        },
      ]
    }
  >
    View bouquets
  </Text>
</View>
`;
