// Jest Snapshot v1, https://goo.gl/fbAQLP

exports[`header renders correctly 1`] = `
<View
  style={
    Array [
      Object {
        "alignItems": "center",
        "flex": 1,
        "flexDirection": "row",
        "justifyContent": "center",
        "marginBottom": 24,
        "width": "100%",
      },
      Object {},
    ]
  }
>
  test
</View>
`;
